GPU 0: NVIDIA A100-PCIE-40GB (UUID: GPU-8fe22491-0fcf-953f-984a-d3cef85341a0)
Python 3.13.15
=====Статья No.0=====
Владимир Бернардин (Vladimír Bernad) — венгерский художник, живущий во Франции. Он был известен своими ужасными картинами тёмной магии из прошлого века.

Он основал художественное объединение Победители тьмы и, с 1983 года, его группа была включена в «Фестиваль жертвосложений в Кракове», который проводится каждую пятницу вечером. В этом фестивале он являлся руководителем группы Битва демонов. У него есть также другая группа под названием «Мистеры мёртвых».

В 1994 году, когда он впервые представил свои работы на Венерском Международном артистическом выставочном музее в Лондоне, он был отмечен золотой медалью.

Его новая работа называется «Цветная грудь дракона».

В 2005 году Бернардин разместил в интернете свою последнюю работу на тему демонов, которая называется «Приятно собирать монеты из дерьма». Этот комментарий был сделан с помощью энциклопедии «Анфилада: Слово о магии».

=====Статья No.1=====
Великий Ягуар Ваидия Сабиньяна (или Ягуар-Пастор, от «божественная свина»; Сабиньяна — «Милостивый») — местное эпитетное божество индейцев Кечуа в Перу. Ягуар в Перу почитался как бог копыта. Как правило, его изображали с размахивающимися пальцами ногами, покрытыми когтями, с золотой шкурой. Ягуару уступали место пастухам и стадопасам, потому что именно они находились в окружении свиней.

Его главным храмом был Лима, где стояла статуя, оберегавшая город.

Упоминается в перуанском романе Ганса Хаммермана «Пасторский сын» (1978), где главная героиня Клаудиа Борга считает, что Испания дала Перу колониальный Ягуар и что она является его преисполненной возлюбленной.

Какое бы ни было происхождение Ягуара, в 1780 году в Перу появился новый его эпитет — Пастор, поскольку Ягуар, вооружившись когтями, подвергал бритью народу Лихуи (Кечуа). Он привязывал пастухов и проклинал за их беспечность (заботы о животных, с которыми они связывают свою жизнь). Но его жестоко сражались за свободу Кечуа, так как неизбежно овладевал своей башней, которую он строил и отмечал в её надписях своим имённым отчеством. Религиозный смысл этого места состоял в том, что Ягуар, как символ копыт, символизировал возможность движения всех живых существ, а его башня — символ жизни. Поэтому в Перу это имя стало эпитетом для бога, который выступал защитником Кечуа, не позволяя ненавистнику Пастору башню захватить.

Различные типы храмов и обнажения, которые ягуары принимали в различных временах, указывают на то, что сначала они были преданными копытам, затем богами огня и, наконец, божествами свиней.

Имя Пастор Ягуар встречается ещё в древности — Вакха, Вакхаван, Раварах, Вакха Кусай, который должен был быть божеством, дарующим свободу северному Пиреусу, близ Первой Афинской демократии.

Согласно Геродоту, родословная бога-грека Вакха была тесно связана со всеми восточными народами, они все, от Анатолии до Индии, имеют от него общих предков, и восточные народы также называют его отцом, а его отцом называют бога Океана. Трикофар, живший в 325—335 годах до н. э., считает, что Вакха является богом, который стоит среди богов, а у других народов нет и не могло не быть, и от них не было никаких пропорций, что самое естественное и логичное. В этой мифологии также говорится, что отцу Вакхи был Океан, а мать — Эйа, и тот факт, что Вакха появился первым на Земле, и, вероятно, потому, что именно Вакху называют богом небесного ярого солнца, он олицетворяет собой самого лучезарного человека и поэтому имеет такие копыта и такие глаза.

Когда Солон принёс свою законодательную революцию в Атинах, бог-грека Вакх в течение ночи исчез. Ощущая себя грозными бездействиями, крестьяне восставили против власти, незаконно избранного при помощи избранных

=====Статья No.2=====
Архатай Силентс — персонаж мультсериала «Чёрные поэты» в эпизоде 5 серии «Лунный цирк». Эпизод был снят на киностудии «Белый свет». Архатай Силентс — тиран, жестокий и безобидный царь. Его власть прекращается на 13-м году жизни благодаря львиной пасти, находящейся под защитой Великой Тиры.

Архатай Силентс является одним из трёх тиранов, живших в городе-паучьем Мельнене во времена Великой Синдромии. Признанный всеми королевами, императорами и великанами единственным сильным человеком Мельненского царства, его власть начинает падать с момента рождения последнего, двенадцатого, сына, принца Тиры. Все, кто рождается после этого, начинают подвергаться опасности от маниакально любящего родителя, который не только лишает всех своих детей носа, но и делает их бесчестными. Чтобы предотвратить рождение нового человека, он начинает жёстокое убийство и с помощью своей жены и фрейлины выкармливает своих детей человеческой кровью.

Архатай Силентс решает, что его дочь превратится в прекрасное живое существо, если она будет готова раскрыть секрет, обитающий в её груди. Завязывает ей рот и нос, а затем вводит оружие в место, из которого начинает выходить глоток крови из головы девочки. Он надевает на неё плюшевый шар и тащит её, покрываясь её липким потом, к молочной колодцу. Но вместо того, чтобы попасть в колодец, девочка получает губоку из губ, а Архатай Силентс видит, как она начинает плеваться кровью. Каждый раз, как он бросает в колодец дочь, она появляется на поверхности, и вода начинает выплёвывать кровь на море, которая превращается во множество глаз. Ежегодно, Архатай Силентс запускает к морю целых полки мальчиков-ребёнков и девочек-ребятишек. Затем он отправляет их к подножию края. Краем вода стирает ребёнка и замещает его водой на месте глаз. Когда глаза на воде исчезают, Мельненский царский двор становится всполоха.

Однажды Архатай Силентс и его жена, великая фрейлина Беренисия, понимают, что их сын, последний мужчина Тиры, погиб на врагов Мельненского царства, за что прилетает Лемон. Архатай Силентс решает, что для получения смертных детей ему стоит обратиться к демонастям. Для этого он отправляет дочь на встречу с демонастями в горах Львицы, где, по некоторым преданиям, спрятаны все великие душевные творения. На месте встречи происходит громоколос, и они начинают бороться за право снести тьму, принадлежащую Творцу. Они делятся со своими собственными зловредными мыслями, и тогда драку прекращает демонасты, которые предупреждают Архатай Силентса, что, пока он существует в Мельненском царстве, Дух Вечности не сможет найти место. Когда Айда, новая Великая фрейлина, приходит в гости к Архатай Силентсу, она сгорает от его страсти и погибает. Когда её чёрная кровь обрывает её кожу, она превращается в бабочку.

Служитель Архатай Силентса доказывает, что Архатай Силентс имеет восемь голов,

=====Статья No.3=====
Ибара́н (イバラン) — мифический бог Сун-дзи, согласно легенде создавший человечество и покровившийся им же. В китайском аналоге мифа Ибара́н, мудрец Китая Чжуанцзе, покровительствует отчеканивающим податями аристократическими дворянинам; в этом случае его именем называют «Покровитель диковинных денег».

По другой версии мифа, Ибаран был дельгаемым богом, вознесшим Сунду на небо и освященным его для прославления Солнца. Более современная интерпретация трактовала имя «Ибара́н» как отмётку на камнях (ибара — камень в чешском языке, также словом «баран»), а слово «дзин» — означает солнце и свет. Поэтому Ибара́н был богом света и светила.

Хотя существует огромное количество версий этого мифа, все они согласны в одном: Ибара́н создал людей, обустроил их город, отдал им власть на земле. Позднее Ибара́н умер, и люди обнаружили, что от него исчезло покровительство. Люди стали приносить жертвы и разглядывать во время ночной полночи «Поберегающий горизонт», которым считались горные хребты, окружающие государство Майи-дзин, в надежде получить помощи. Угорелось много птиц, а потом стали испаряться люди. Тогда люди поняли, что Ибаран покинул землю, чтобы перейти на небо, поставив у себя в качестве заместителя бога Тайфэй.

По словам Чжу-Мён-то, Тайфэй был таким же человеком, который стал покровителем тех же дворян, которым Ибара́н помогал, за исключением того, что он не был таком изначально богом. В этом мифическом варианте Ибара́н, после того как пережил смерть и переместился на небо, обзавелся женой. Поначалу она была обычной девушкой, которая попросила Тайфэя передать ей Ибара́на в виде подарка. Однако Тайфэй так и не передал ей Ибара́на, а написал, что ему нужен Ибара́н, который был бы достаточно «могучим». Через некоторое время, когда Ибара́н стал достаточно сильным, ему было предложено сделать человека более могущественным, чем он есть. Ибара́н согласился, и поэтому стало возможным создание людей. Однако по прошествии нескольких месяцев Ибара́н среагировал на тот факт, что его жена оказалась обычной девушкой, и расстался с ней. Он похоронил её в озере, а потом пировал вместе с Тайфэем до дневного рассвета, затем отправился в своё место обитания, однако заставил Тайфэя остаться на Земле. Когда Ибара́н пировал со своим спутником Тайфэем, то между собой говорил: «Скажи, мой хороший друг Тайфэй, почему мне нужно быть таким мудрым? Мне достаточно лишь улучшить своё присутствие на небосклоне, а уж люди сами появятся и сами смогут создать городки и улицы!». Эти слова были записаны на бумагу и стали использоваться в качестве облегчения для постижения знаний среди многих мудрецов.

=====Статья No.4=====
Сатирическая «Энциклопедия невежества» (Cyclopaedia of Idiocy) — русская энциклопедическая публикация, в которой собранные под руководством В. Н. Татищева статьи изложены на ерунду: суть каждого из них — просто повторение слова. Подобная «энциклопедия» была опубликована в Санкт-Петербурге в 1946 году издательством Панорама. Первая половина 20-х годов XX века отечественные издания считали издание «бумажной грамотой», которая позволяет снять с килевой камень.

Книга составляла собой сочинения двух авторов:

# В. Н. Татищева. В его санитарных амбарах работали свидетели Британии, привезённые из Штатов СМИ. Эти «санитарные амбры» находились в Москве, на Ярополковском рынке. Их можно было назвать физически-психологическими, поскольку в них личности боялись ходить по магазинам.

# Г. Л. Касаткина. Представления к этой энциклопедии включают в себя некоторые из собраний подобного типа, например «Москвичка — энциклопедия пантомимы для чужих». Один из собраний, где в первую очередь публикуется творчество Г. Л. Касаткина, помещён в библиографии под заголовком «Устный язык в музыке»

Ерундовая работа считается шедевром советской сатиры.

=====Статья No.5=====
Пит-Хум (пит-хуэ) — в древнеиндонезийской мифологии бог войны и ветра. Находится у дьявола Тхиаманука на Техабоканте в Судете. Свидетель его появления показался Гиматаю в виде свирепого пса с клювом и острыми зубами, на которых держались густая кровь бога и волосы женщины бога.

Считалось, что Пит-Хум может наслать на любого, кто попытается причинить ему вред. Дерзнувшая напасть на него женщина потеряла ласковый вкус к жизни, а её муж был превращён в раба. Однако в случае со смертью женщины он стал помогать её мужу подчинить себе всю Индонезию.

В буддийском будде-великом махавира было сказано:

Я упомянул о разных именах этого существа: Лочи, Ява, Кача, Сатапутта, Марджаяпаришаджа и другие. Настоящее имя этого существа — Пит-Хум. Слова «девять» и «девять» в названии, которое я дал этому существу, были просто произведением того же самого ума, который произносит это слово во время общения. Пит-Хум — это ветер, сопровождающий нас как люди, поскольку мы все находимся между двумя склонами горы. Как только одно склон, на котором мы восседаем, становится высокой степенью эгоизма, тогда мы находимся на склоне, противоположном склону с высокой степенью сострадания. Тогда Пит-Хум, посылающий сильное дуновение, начинает на нас воздействовать, поскольку он является инструментом сознания эгоиста, и нам нужно осознать, что он посылает нам сильное воздействие. Когда этот сильный Пит-Хум находит своё проявление на нас, мы должны осознать его, поскольку он символизирует сознание эгоизма. Но если мы начнём размышлять глубже, мы понимаем, что все мы находились на том же самом склоне, на котором сидели боги и демоны. Но боги могли чувствовать усталость, а демоны были в состоянии радости, когда мы начали сидеть на другом склоне. Поэтому когда мы пытаемся различить богов и демонов, то действительно различаем их.

=====Статья No.6=====
Сати́рическая или юмористиче́ская энциклопедия — книга энциклопедического характера, но описывает фантастические (часто не существующие) явления. Написана посвящённо во всеобщее досужее веселье — сатиру, а порой и кокетству. Чаще всего используется как литературное шутливое сочинение; иногда сатирические энциклопедии описывают «мифологию» какого-либо виртуального общества, города, архитектурного сооружения и т. п.

Юмористическая энциклопедия обычно является комиксовым сборником или электронной книгой. Статьи и подзаголовки часто пишутся с играющими вредоносными тонами; таким образом, прочитав всё это, читатель получает глубокое понимание того, что такое (все виртуальное), включая всевозможные транспортные средства, животных, растения, технологические достижения и тому подобное, которые существуют и/или представлены в таком обществе. Юмористические энциклопедии могут также содержать комментарии, мемы и комические обсуждения, связанные с описываемыми понятиями. Наиболее популярные энциклопедии в этом жанре включают: "Махом" от Эллиота Хартли, изданный для подростков, "Алешы Пугачёва. Лечебная практика" и "Толковый словарь русского языка" (по замечанию изменил название в 1986 году на "Русский язык", Википедия и другие авторитетные источники не одобряют этот перевод) от Титова и Козловой, изданный в первоначальной форме для ребёнка до 7 лет, "Крибас" от Герберта Фрайда для подростков, "Попись Мутира" от Джона Гарнера, изданный для детей от 8 лет, изданный Булошем и Штерном для подростков и "Этимология слов" от Бенгама для детей от 12 лет.

Большая часть сатирической энциклопедии состоит из вульгарной рифмы, где один слог прилагается к другому. Также есть такие сатирические энциклопедии, такие как «Характеристика животных», «Дьявольская еда» и «Животные». Другие сатирические энциклопедии имеют только пары или фразы.

Как одна из форм сатиры, она может выражать критику общества, его политик и даже своих собственных действий через ироничные мифы. Всевозможные развлечения и обыденные вещи становятся объектами иронической или вульгарной рифмы (как и в других формах сатире). Тем не менее, поскольку это реверентивная форма комического, она не имеет темперамента, который характерен для сатиры. Её элегантность делает её более пригодной для обучения и воспитания, чем непременно ироничная сатира, которая навевает на человека злость (напр., Развязки Дориана Грей). Для этого она делает использование серьёзных терминов, формальности в выражении и традиционные методы писания.

Причина популярности этой формы энциклопедии, возможно, в том, что энциклопедии были первоначально в основном фольклорными, которые могли легко помочь в комедийном написании стихов (напр., например, Детство Шекспира). Она же была признана очень эффективной для сатирического использования, поскольку в ней легко было искать и рифмовать сатирический материал (хотя не все её предания были сатирическими). Кроме того, её форма улуч

=====Статья No.7=====
Арретан (Ἀρρετάνη) — греческая богиня отрицательных чувств: упрямства, гордыни, вреда, безумия, разрушения. Позднейшими авторами её назвали Артемидой.

Изображалась в форме женщины с копьём; была связана с охотой на диких животных (так как их охотили на убой), что, в свою очередь, ассоциировалось с эруду.

Ритуально близка Тратонике.

=====Статья No.8=====
«Захват жилища мумийки Меропа в Йосиполе. Пытки на колышке и казнь Аммина. Художественная реставрация обнажённой груди кальпаковни Тангара. Засвидетельствованная археологической комиссией под председательством Смирновой, Мельниковой и Виктора Бенду». — картина советского живописца и графикана Виктора Григоровича Бенду (1924—2014) из серии «Сибирские хроники».

Создана художником в начале 1980-х годов на заказ художественной ленинградской типографии для издания учебника истории «История Российской империи». Впоследствии работа была удалена из учебника и публикация книги была заблокирована в связи с непредвиденным эффектом картины. После этого появилась в публичных местах города Ленинград. Картина вошла в состав частной коллекции эстонского коллекционера. На 2012 год осталась храниться в частной коллекции в Екатеринбурге. В настоящее время находится в частной коллекции России.

=====Статья No.9=====
«Богатство — это благополучие безбедной жизни» (Божественная история) — булгарская новелла 2010 года. Написана Амадо Мурадовски. Буквально «Богатство — это благополучие безбедной жизни» (Божественная история).

Сюжет основан на легенде о богине Ризани и её сыне Ахмерманте.

Празднование святой Ризаны отмечается по старому стилю 3 апреля, 8 октября и 16 декабря каждые пять лет. В Булгарию святая Ризана была посланная из Константинополя епископом Брунего, учеником Дамаскина; в Булгарию она прибыла из Константинополя на суде. Какие бы блага ей ни приносили, она не отказывается от благословений. Служение в честь святой проводится с благословения жреца, в церковной обстановке и среди всего населения города Бусура. Форма службы соответствует форме, установленной монахами и архиереями, которые провели службу в честь святой Ризаны при её прибытии в Булгарию в своё время. При этом молящиеся должны подписать письменный список имен упокоенных, перед этим выполняя определённые молитвенные песнопения. Участники процессии возлагают молитвы на благо городу Бусур и всего церковному сословию. При проведении служебных молитв за духовное состояние общества участвуют и губернатор, военачальник, представители духовенства, духовенство и мирянство.

Праздник святой Ризаны получил такое название по аналогии со страстной недеянием Павла на Лазаре, однако, святая Ризана не только пророчествовала о духовном благоустройстве, но и говорила, что она поможет людям преодолеть тень смерти, за которые ей будут благодарны. На праздник святой Ризана проводят несколько игр.

Обращение к святой Ризане осуществляется через три имени, то есть через три молитвы: имя Ризани, имя богослова Ахмерманта (Химерманта), имя Павлина. Святая Ризана была воскрешена с мёртвых дважды; её душа, которая была исцелена от зла (заговора), была отправлена в другой мир. Она является единственной, кто осмелевает говорить и за неба, и о земле, и о мёртвых.

Легенды о Богатстве распространены в Европе и Западной Сибири и составляют эпизоды в рассказах о разных богах (Тора, Чуа, Язычком). Особую роль играет оракул Гетхарг.

В «Герольде» Тертурии Богатство выступает сатиром по отношению к Герольду, который стремился достигнуть им владеть. А. Е. Архипов рассматривает Богатство как тёмное существо, которое приходит в дом, где есть бедность, богатство и распорядок, и его творит из бесформенной массы.

Будучи одним из основных богов в фольклоре, Богатство, в противопоставлении к Слуге, всегда сопровождает бога Судьбы и являлся защитником души в её суде перед Тремя Колоннами.

Многие исследователи считают, что исторической фигуры здесь соответствует индийский бог Херункаль — бог солнца. Отзывчивый и склонный к нагнетанию духа, он привязан к образу «пекаря» или «жарчеца» и способен управлять всем, что с ним связано. Как правило, его изображали в виде танцующего мужчин, с большим корнями. Балансом

=====Статья No.10=====
Соуса (Saūsa) — в древнегреческой мифологии богиня оленьего молока и молочных продуктов. Изначально считалась подательницей молока от лактации матери. Позже стала отождествляться с Фетидой.

Одна из многих имен Раньги: народ Египтяне называли её «Матерью Земли»; она — мать всех живых существ.

Фетида — в древнегреческой мифологии дочь Гелиоса и Персефоны. Существует несколько версий ее происхождения. По одной из них ей было 100 лет. Она была женой Тикса и творицей всего живого, из которого посыпалось божество Фетида. По другой легенде Фетида родилась как дочь морского бога — Нерея, который украл её от бабушки Остринии. Новый Опилан считает что имя Фетида происходит от фетиды и связано с опилами.

=====Статья No.11=====
Филоний Аттикус (Πελονικών Αττικός) — в древнегреческой мифологии жрец Диониса, упоминающийся в «Метаморфозах» Овидия. Жизнь Филония Аттикуса рассказывается в виде рассказа, в котором описывается страдания жены Пиерой и её мужа от неволи на острове Кос, а также их страдание в аду. В этой истории есть много гомеровских черт: жена изображается как боязливая, а жена-демон отождествляется с Лаврой (богиней музы). Речь идёт о том, что мальчик был усыновлён умершей в детстве дочерью Филония и в результате обмана родителей стал приносить жертвы и богине и её богатству, и небесному оракулу.

По мнению некоторых исследователей, история с Филонием Аттиком могла быть написана в период 1898—1957 годов. Однако это не позволяет точно датировать сюжет, связанный с поэтической традицией античности.

Исторический источник по поводу Филония Аттикуса и его жены, описывавшего их жизнь и их страдания в виде рассказа с подтекстом, который впоследствии использовали при написании текста «Метаморфоз», является недоступен.

=====Статья No.12=====
Ворон-Огневец (также Ворона Огневский) — фантастический герой романтической оперы А. А. Бутмана «Плутократ», сочинённой по мотивам его рассказа «Маленькие люди». Культурно-политическая карикатура на врага модернизма и интеллигенцию в России конца XIX — начала XX века.

Герой-бас, один из главных героев оперы: тёзка Ермака (воплощает тип эгоистичной «маленькой» буржуазии), жаждущий украсить себя персидской короной; влюблен в пиратку Лизу (в операх Платона-Треденика, Томаси Роберсонта, Ж. Р. Дюмонье) и в конце концов женится на Некрасовой (по рассказу Бутмана).

Сцены из «Два дьявола» (1887 г.) Бутмана и «Брюссельская опера» (1892 г.) А. А. Бутмана посвящённы истории Ворона-Огневца, который, желая украшать себя персидской короной, обманул Лизу подлинностью этой короны. Однако корона оказалась настоящей. Он стал владеть своей властью и властями других. Перед лицом новых общественных условий он превратился в «младшего братка», ненавидя «старших». Сюжет романа повторяет сюжет «Два дьявола» А. А. Бутмана, но раскрывает его с точки зрения общественной жизни первой половины XX века.

Раскопанная Заречным в 1985 году памятница, которую раньше считали мумиями гусей, оказалась мумиями солдат, кишки и позлобой.

Его характер представлен в романтической опере А. А. Бутмана «Плутократ», сочинённой по мотивам его рассказа «Маленькие люди». Роль Ворона-Огневца исполнил Эрнст Дзубинский во времена элегантных балов, когда оперные спектакли, «Плутократ», «Волшебник» и «Два дьявола» были зрительными шедеврами.

Поэт и скрипичный мастер Андрей Яковлев (1868—1952) в творческих взаимоотношениях с А. А. Бутманом придумал диалог Ворона-Огневца с Прозерпиной.

Судьба Ворона-Огневца пересказывается в пьесах «Два дьявола» (1887 г.) и «Брюссельская опера» (1892 г.). Где же, спрашивают, его душа? — В Афинах! Отвечают, он пастух, грустный!

«Ну и что? — говорит пастух, — если я — пастух, я — пастух, и так же, как пастух, будет я — патриарх, а патриархом будет патриарх, а патриархом патриарха будет и я — патриарх.

Я отвратил от глаз любовь, я — неблагодарный. Я не благодарю родителей моих.

Я отвратил от глаз любовь, а теперь я — влюбленный.

Я, что отвратил любовь, я, что украл от сердца любовь, я, что отнял от сердца любовь — всё это я, что украл от сердца любовь, я, что отвратил любовь от глаз, я, что наполняю сердце заботами.

Нет, я — добрый. Кто бы меня ни любил, мне не станет плохо. Если кто

=====Статья No.13=====
Сабра Аштар (عَبْرَة أَشْتَر, Abra'ah Ashathar; 1376—1451) — арабо-маккийский священный врач и медицист, автор книги «Лечение у мусульман, которое они считают венерическим» (التعهيد بالوصول الذي يجعلهم مريضين عُرَّة أَشْتَر — Al-tawhy al-mutlak ba-l-wassal allati yusuruhumu mura'idu 'Urra Ashatar) — трактат по сексологии, обсуждаемый как наряду с дельфинами одной из десяти самых фальшивых книг в истории науки.

Хотя у Сабры Аштар есть собственное имя, его труд называется также Al-Ushur al-Ash'ariyya (Arab. L’Usur al-Ash’ariyya). Это имя связано с квинтэссенцией сабрского, как и имя города Сабр. О том, что это не просто маккийский автор, а магребский, говорят два предложения из его книги: «В городе Шада, который расположен в восточных областях Сабры…» и «Он был из города Бахра, который находится в восточных областях Сабры». Этот факт позволяет предположить, что он был из Бахры, расположенной в восточных горах Сабры в Мединском арабском пустыни. Дополнительно этому подтверждает тот факт, что Сабра Аштар упоминает Бахру, что известно только с той поры, когда Великий Халиф Омар приказал осаждать город во время Семилетней осады в 683 году хиджры. Сабра Аштар мог быть либо одним из жителей Бахры, захваченных при осаде этого города, либо самым непосредственным свидетелем тех событий, которые позволили бы ему усвоить информацию о географии и институтах Бахры в течении следующих трех десятилетий.

Текст трактата основан на медицинском писании «Учение о смертных болезнях» Мухаммед бин Убаида Машарила и представляет собой комментарии и ответы на вопросы врача, написанные на кораническом языке в течение ровно трёх лет. Эти ответы изложены в виде вопроса и ответа, сначала выступающих как краткие обозначения изложения. Это дало название трактату и было подчёркнуто автором.

Как правило, трактат рассматривается либо как тонкая статья, либо как комментарий. В некоторых источниках (например, в «Энциклопедии исламского права») рассказывается, что трактат стал частью умозрительной медицины по поводу лечения преследуемых венерических заболеваний мусульман. В 1895 году он был опубликован, как и некоторые другие произведения этого периода, в издательстве «Лондонский университет».

В своих работах Сабра Аштар подробно описал медицинские процедуры и методы лечения по различным темам, включая:

* Методы лечения женских заболеваний (наследование, кровопотери, запоры и пр.);
* Использование венерических методов лечения женщин (в основном лечение методом «Синхайба»);
* Природа венерических заболеваний в соответствии с медицинским представлением того времени;
* Эта работа упоминается ещё Табариси и Джахафановым.

Сабра Аштар был настолько почитаемым, что после него, во время мученической смерти его последователей, его знания стали синонимом самого слова «медицина» в средневековом мире. После смерти его последователи решили уничтожить его трактат, однако он удалось избежать и появиться в современных книг

=====Статья No.14=====
Дории́я (Δοριω) — в древнегреческой мифологии музская гора в Кифере, место посредством которого музам стали доступны боги. В этом месте было совершено первое обращение к богиням Музами, которые с этого момента и стали приносить божественное благословение людям. Здесь находился оракул, который упражнял науку, изобретал ахейские игры и орфических песни.

По другой версии мифа (версии Страбона), Дория (или Дори) — музовая гора, находящаяся к западу от тавроидов в Кифере и служащая пещерой муз. Перед входом в пещеру был статуэтка богини Дории. Образ этой богини упоминается также у Гесиода.

На эту гору сходила Еврипопа после написания трагедий «Агамемнон» и «Трахинян», которая была проклята музами за причинённое ими боль в сердце, отчего вскоре скончалась.

=====Статья No.15=====
Краткий гимн Венеры к Солнцу. Аргийский царь Ламиус супругу принес в жертву углями и свинцом (отсюда первые слова).

— «Что, дочь Амфиктея, ты познала творения? Что же, слышала ли ты чудеса?

Ты отец горы и море родила. Другой сын твой — Зефир, с ним моряны и ветры. Ты же сама рождена из земли. Имя же твоё Марса, даришь же мужеством бегающему полюсам.

По небу в своей гонце вращаешься, по небесной молнии разбегаешься. Сквозь всё погребения, сквозь все плоды, сквозь все судьбы, сквозь все страсти, сквозь все языки — одна ты мать.

Сыновья ты мне, как сын тут Зефир, мой сын Аркона: упокойте в своих объятиях сердца мой и мать мою!»

=====Статья No.16=====
Эвритар («Счастливый») — бог в древнеримском мифосе.

Он входил в число богов Великих Гименей, а также был почитаться как олимпийский бог счастья. Эвритару поклонялись в Риме уже в III век до н. э., что не удивительно учитывая его обширное влияние на жизнь и культуру древней Италии (там же он был известен как Мирфун). Его изображали с жезлом и короной триумфальной.

Как и многих других богов, его имя, по мнению Ульбия, имело эллинское происхождение, и в Римской республике он выступал в качестве эллинского бога. Прославленный в Италии благодаря крепким связям с местными читателями и поэтами, у харитинцев в городе Малвине, где был построен его храм, его хваление превратилось из местного краеведения в распространённый фольклорный жанр. Вторжение Гая Юлия Цезаря на Италию предопределило огромное распространение легенды вокруг имени Эвритар.

=====Статья No.17=====
Алеко́н (Aelikon) — вымышленное в античной аттической мифологии божество. Впоследствии также почитается в Фессалии в Фалере и Кирене. Его эпитеты: Αθανάς, Астамахинус.

Имя Алекона — изобретённая латинской буквой лат. AE. Считалось, что оно произносится так же, как имя «Локон» лат. Locus, откуда и было получено эпитет Астамахинус, что означает «не имеющий места». Поэтому его храм на Агоре Афин строили между двумя колоннами с описанной дверной наличником полукруглой аркой. Божество сопоставлялось Гермесу, поэтому на облике Алекона был изображён медведь, а его статуя находилась в храме, где также и находилась статуя Гермеса. 

Изобретение этого божества связано с личной любовью Менила с Амалфой, по своей речи похожего на Алекона. При встрече Менила с любимой женщиной, влюбившемся в неё, она издала ему оскорбительные слова. Оскорблённый Менил, в разгневанный момент ветра (свободной атрибуте Гермеса), выбросил жезл, который несли к Арго, позже из которого была сделана статуя Алекона. Также верили, что Алекон был предком, созданным оракулом Дельф, для защиты трансформации воины в его жену.

Обожествление Алекона возвести было в связи с победой афинян в Практидии.

* 1996. Перевод: Е. Н. Лисина «Октагон». Общая история Греции XVII—VIII веков до н. э. М.: Наука.
* 2007. Перевод: Р. Д. Богданов. «Атрибуты и метафоры: гимны к Алекону, Харону и Дионису», «Трагический герой (Геракл)», «Аполлон и Эфира», «Эпос о Пантеоне» / Ливийский гимн, «Атропос», «Куранс», «Аполлон», «Судья, Асклепий, Нюкты, Дионис», «Если есть Дуаль», «Агамемнон», «Триумфы», «Триумфальный марш, Геликон», «Медик». // Р. Д. Богданов. Поэма «Аполлон и Эфира». Саратов: Издательство Саратовского университета.
* 2008. Перевод: Р. Д. Богданов «Змеевое кольцо», «Вулканические источники», «Львы и Агины», «Черепахи, Циклоп», «Столпы, Арес», «Солнце», «Фортуна и Аристодем», «Царь Метры и Потерянный Царь», «Забытое Царство», «Планеты и их царики, Кроны и Балы», «Люди, Купидоны, Астреи», «Радуга», «Кроны и Балы», «Демиург», «Кувшин», «Ночная Посланница, Агах», «Лебеди и Грачи». // Р. Д. Богданов. Поэма «Аполлон и Эфира». Саратов: Издательство Саратовского университета.
* 2013. Перевод: Р. Д. Богданов «Музы, Циклоп», «Звёздные Афины, Луны и Солнца», «Луна и Солнце», «Кроны и Балы»,

=====Статья No.18=====
Андрей Ваганович (Андрей Несторов) (1858—1935) — советский писатель, драматург, поэт. Друг поэта Василия Брюсового.

Пётр Иванович Кулаков (1847—1926) — князь (Владыка) церковной архии Тульской.

Одинокий князь Кулаков в силу неблагоприятных обстоятельств умер во второй роспись с восточными монахами и сиротой отнюдь не родной наследницей. Старшая дочь А. М. Струской, Катя Антоновна, подала заявление о принятии ребёнка за своё спасённое из груды бедняков и обзавилась им. Потому, что отец Струской по своей жёне был народным барином, епископ стал удваивать дарственные («двухмилостивый»). В 1885 году Катя Антоновна Кулакова вступила в брак с графом Семёном Сергеевичем Ульяновым, и ребёнка князя Кулакова стали звать Иваном Владимировичем Ульяновым. Впоследствии, по воле С. С. Ульянова, отцом Ивана Владимировича Ульянова стал граф Смирдина.

После смерти князя Кулакова его окровавленная рубашка попала в печь, в которой раздувались дьявушки. Князь Смирдин стал рассказывать эту новость приехавшим в город чудовищам. На мольбу С. С. Ульянова, которые были уже священниками Курской диоцезии, дьявушки впервые за многострадальную свою жизнь получили богословскую опеку. Её «отец» отпели в городе Курск и через три дня приняли имя Афанасия. Дьявушки стали пользоваться особенной защитой, в надежде содействия своему старшему другу Ивану Владимировичу Ульянову по прозванию «Ваганович», который, в сущности, был ещё и сутягой по имени Галина Семёновна. Ныне дьявушки продолжают своё пение с той же губкой, которая теперь является главнокомандующим (губка), которую кормили, когда она была дьявушкой, и которая стала подругой (губка) при свадьбе Галины Семёновны со С. С. Ульяновым.

Когда Ваганович, по прозванию Ивана Владимировича, стал вестником и поступил в интеллектуальную общество Литературная ассоциация, он получил имя и звание какое-то старинное (Афанасий Афанасьевич), но по приказу старшей сестры Вали сестры (по старинному) прозвали Афанасием, который стал гулять по городу в чёрном сапогах. Это было так, что в тот же день вечером Катерина Антоновна купила ему новую штуку сапог, подобную сапогам губки, но по желанию Афанасия на ту пору всё же не стала их переигрывать.

Весной этого же года Афанасий Афанасьевич, при наличии свидетельских показаний, выдали постановление № 1, № 2, № 3, № 4, № 6, № 7 о продаже его дьявушек и выдали документы о приобретении губкой: две дьявушки, одна дьявушка, две дьявушки, три дьявушки, две дьявушки, одна дьявушка (какое-то старинное). Но Афанасий Афанасьевич выдал ещё и постанов

=====Статья No.19=====
Острик (Оштрик, Оштрит) — одна из форм имени Бхайраоги в буддизме. Под этим именем он также известен в индуизме как Панджаванштрита, сын Хаумы и Апсалы. Он неизвестно, кто создал этот облик бога, но он широко известен по традиции на Бала Калия (Бала-калия; «Завтрашний ужас») в Бенгалии. В кулуарных мифах о Бхайраге это имя используется так же как Бхайраога, который является сыном Сурасены и Джанмати (Джанмати), супруги Хаумы. Он был одним из богов восьми (бхута-найлика), которые защищают планету Марку и являются защитниками мира Брахмы. Бхайраога был одним из пятьдесят тысяч духов Бала Калия. Его отцом был один из десяти Бхушана. Одна из его жён была Ситани (Ситанами).

Панковской группе "Острик" было посвящено число 8875 песен.

* Махешвара
* Васу — 17-й сын Майтреей
* Вишну — сын Гаруды

=====Статья No.20=====
Роман «Руби́н» (Rabin — в переводе на русский язык слово «рот») — рассказ Михаила Булгакова в сборнике «Собачье сердце». Написан в 1937 году и издан в 1940 году. Сюжет романа написан с большой динамичностью и яркими психологическими художественными средствами. Рассказ выступил важным шагом к формированию стиля Булгакова «вокруг сердца».

Действие романа происходит во времена Гражденной войны. Живёт в Москве художник Олег Рубин, бывший архитектор, архитектурный мастер. Свой архитектурный стиль он, по оценке Савина, объединил в себе волшебную трагедию. Он устраивает художественный «стриптиз», где не только модели стригутся и разбирают волосы, но и демонстрируют «живые портреты» собственного творчества. Однажды ему назван архитектором Парижа. В тот же день Олег умер в своем архитектурном классе. Вместе с ним умирают несколько моделей. Филипп Крученюк выступает как главный герой романа.

Олень вступает в контакт с другими, продающими себя философским идеализмом, в конечном итоге она становится их подопечной. Путешествующий в разных городах, она ведёт впечатлительное и независимое повествование. Тут начинается её встреча со своим отцом, который умер три года назад. Его имя — Лев Сафрон. По всей своей жизни, он преследовал идею свободы. По свидетельству своего сына, он был человеком без чувств, монстром в душе и одновременно романтиком, полным духовного идеала.

По окончании семилетней войны, он отправился в Европу, желая увидеть мир, и на своем пути погиб от пули в Армении.

Когда Олень выходит из состояния галлюцинаций, она видит, что оба её родителя являются обладателями одинаковой левой руки.

Путешествовать Олень перестала раньше, чем закончилась война. После её смерти её родители и её дядя оказались в состоянии глубокого сна.

Перед написанием романа Булгаков читал «Приключения Буратино» и в его сказочном рассказе узнал много сходных с действующими лицами и сюжетом своего романа мотивов: как, например, преследуемые воры «похожи друг на друга», так и все жесты, действия, слова характерных для «Приключений» — Буратино, Артемон, Мальвина и др., встречались в личности самого Булгакова.

Также в рассказе есть обширная лексическая перекликанье с произведением Шекспира «Сборщицы».

Роман является частым объектом критики и популярностью не пользуется. Его можно найти не только в комментариях к Булгакову, но и в мифологии русских прозаиков.

Имена персонажей романа имеют несоответствующее смыслу значения: «Сафрон», например, имеет значение «золотой корень», и в то же время — это имя человека, который ушел из жизни («Ушёл, сдох в Армении, где не было никаких преследований. Известен в Армении всеми звёздами как человек изредка виденный, живущий отдельно от народа и от своей кожи»).

Булгаков выбрал за основу романа мотивы своих переживаний в Гражданскую войну и после неё, когда возвращался домой из Петербурга

=====Статья No.21=====
Мифологический персонаж кельтских племён, предположительно основателя альбийского пантеона бога (духа) войны. Составления Мирона, Аэлидакла, Уильяма Линдсея изображают его в образе охотника и гончара с чертом превращения в лебе́за.

Согласно толкованию Аэлидакла, «Яна» — это титул Корглойда, который он приписывает себе, чтобы подчеркнуть своё величие. Его образ как бога войны сочетался с образом целителя или заклинателя. При этом его имя интерпретировали как «Яны», «Великан» («Yni», «Unius»), «Хранитель земли» («Ognius», «Genius»).

По мнению историка Питера Гриноула, сцены на статуях Оргона должны были изображать анатомически правдоподобную дельфиновую голову (то есть не самого Оргона, а усечённое изображение его тела).

Памятник изваяния Оргона был высечен в 40 году нашей эры немецким художником Гвидо Брюгге в виде колосса и размещён на церковной стене.

=====Статья No.22=====
Керенский храм Неба (Упалий Махавира) — древнекитайский храм буддизма. Учитывая критическую оценку работ Хаомао в этом произведении, предполагается, что они были написаны в период правления императрицы Ели. Упалий впервые был посетил Китай после изгнания из Индии в 247 году до н. э. По некоторым данным, в этот период также побывал и индуистский философ Брахмагупта. Его жрецы установили святилище в укреплённой деревянной горнице на вершине подножия холма Гималая (Гимала), где находился обширный парк с 4000 деревьями, описанным Аньши в своём «Дневнике путешественника»: «Когда я достиг горы Цзицзун, мне удалось проникнуть в город Небесную Лестницу… Внутри города выросло множество зелёных сосен и других крупных деревьев, и это всё было сделано для того, чтобы люди могли легко спуститься по эскалаторам». По словам Монг Суньва, местные жители называют его «Махавирой», потому что здесь живут два младших сына Упалия и его ученики.

Хотя сам Упалий не был нанимать местных каменщиков и архитекторов, он выкупил некоторые их особенности. Князь Вей, прибывший в будущем в этот район и откроющий местную кузницу, увидел «огромную статую будды Мухтадджа», сделанную из слитка серебра весом более 500 килограммов. Но в конце концов, когда Вей отправился в другие регионы к северу, каменщики всё же изготовили шесть кипарисовых стен, которые Упалий покрасил золотом и расположил вокруг большой гирлянды сокровищ. Эту гирлянду наверное собрались наказывать или наказывать, если кто-то поедет на гору, но в настоящее время гирлянда осталась в горах. Монахи подвергали её ежегодному ремонту и тщательной очистке, но никак не смогли убедить жителей города не копаться в кусочках гирлянды во время охоты и рыбной ловли. Пока волшебная гирлянда была скрыта, каменщики смогли бы строить такие великолепные работы.

Согласно другим источникам, упалийский город Небосклон, который находится неподалёку, включает шестнадцать деревянных колодцев. В настоящее время в этом месте расположены современные дома. Другие статуи бодхисаттвы Творца мира, включая великого Небоскреба Будды Праджнаджны, также оставались на горе. К ним прибегали индийские купцы и даже китайские монахи, чтобы подношить там благовония. Как говорится, они были очень доверчивы. Когда они приезжали на гору Гималая, чтобы поклониться мондросу, они сажали перед статуями своих детей и, отрезая шумо, сообщали, что не хотят, чтобы их убили. Когда их шумо отрезали, они говорили, что это впервые произошло со дня смерти матери. Если кого-то подслушивали, то он немедленно сбрасывался в колодец. Так как это место отдалённо, на него обращали внимание только самые сильные и счастливые. Монахи иногда поклонялись и не сбрасывались в колодец, если в конце концов их не могли понять.

=====Статья No.23=====
Ассоциация научных обществностей (Scientific Societies Association — SSA) — федерация научных профессиональных организаций, действующая в странах Европы. Формально входит в Международный союз научных обществ (IUP).

Создана из-за общего недостатка профессиональных научных организаций в Великобритании в результате неудачного критического перехода от личной традиционной форматизации в молекулярной биологии к универсальной. Актуальная цель Ассоциации — установление общепринятых стандартов для всех научных обществностей и их изданий. При этом она сама не имеет своей собственной доктрины. Помимо этого Ассоциация занимается подготовкой и распространением атласа научных обществностей европейских стран. Каждый год в начале мая проводится международный конгресс всех научных обществностей, а также конференция учёных-представителей этих обществностей, которые в течение всей недели встречаются как по парным, так и по тройным и даже четверократным турнирам.

Таким образом, Ассоциация научных обществностей — это транснациональная, некоммерческая и политически беспристрастная, но все же сильнополитическая организация, которая стремится к созданию единой науки. Одним из её центров является Университет имени Макса Петерса в Мюнхене.

Принято считать, что учредителем Ассоциации был великий английский учёный и поэт Роберт Броудс Экбертон — доктор искусствоведения, автор многих учебников по ботанике, гербарии и естествознанию, лингвист и языковед.

Спустя некоторое время после образования Ассоциации была также создана Ассоциация научных журналов (Scientific Journals Association — SJA).

=====Статья No.24=====
Почитание Гилома описывается в священных произведениях ацтекской религии. Согласно классификации, наряду с Хонхуамином и Текутекой, Гилом считался одним из важнейших ацтекских святых, отождествляемых с Космосом, Печатью Неба и Солнцем.

В мифах ацтекских племён о Гиломе говорится, что он родился из яйца, образованного от взгляда Нинанте в воде реки Чилиманиль («Ашакинлипокотль»). Другая легенда связывает его с кровью Ханекутека — отца ацтекских владык, который был побит и убит кочевым племенем, которые сбрасывали жертву на деревья. Как только он упал в реку и вода закрепила его кровь, Гилом превратился в человека. В результате, Гилом, получив от Нинанты имя Святого Чудодейственника из крови, получил власть над четырёхугольной геометрией и сделал её частью своей молитвы, чтобы «прорезать тело мира». 

Согласно мифологии, Гилому приписывается создание всего сущего, поэтому ему приносят жертвы в память об его происхождении. Однако как святыню он не имел, он сам считался всемогущим, единственным верховным божеством, для которого на Земле не было необходимости построить храм. По мнению некоторых авторов, Гилом представляет собой результат объединения многих божеств и культов, существовавших ранее среди авастек и панулхотек, в частности Голлий, Эл-Гаалла, Юли, Ухитека и других. Иногда его называют Землей, так как он является единственным в ряду божеств, у которых есть соответствующее место подземного мира.

Одним из характерных ритуалов, характерных для поклонения Гилому, были подвесные гирлянды чёрных перьев динозавров. Один из первых предположений о том, где были найдены эти птицы, это Борнео, но с тех пор было доказано, что он был локально распространён в Миксичанской пустыни, и был известен ацтеками как «Женщина Всейтилакатль».

Впервые он упоминается в знаменитом тексте Атласа Гисторія Питленского Томба, который был найден в 1874 году в Хомилькоабе в Северной Мексике. Этот шумерский короналист сначала рассматривался как «Хонхуамин», но затем он оказался новым именем божественного существа. Впоследствии это имя стало использоваться в качестве названия другого восьмилетнего юноши, который также обнаружил свой гробницу. Однако анатомия обоих показала, что они имели много общих черт, особенно их головы.

Томпа упоминается во многих учебных материалах об истории Миксичана. Гильома описывают как «второстепенный», «поздний» и «очень малый» божество, потому что многие авторы посчитали его одним из меньших богов и утверждают, что он родился и существовал после многих других. Согласно этому, он может быть результатом конкуренции между другими богами, которые изначально обладали значительным влиянием. 

Также некоторые учёные утверждают, что Гильома был создан из двух существ: Голлий («Порция») и Ухитека, двух богов тёмного цвета, сопровождавших Четырёхрумяного Бога Нинантлья.

=====Статья No.25=====
Абакуш — арабское слово и перевод имени Омари Абд-Аль-Хабиба на арабском языке, означающее «член общественного совета». В средневековой Арабии, подобно восточнославянскому слову («владыка»), «Абакуш» применялось к членам, которые в конечном счёте принуждали аристократы совершать политические поступки и принимать решения. Согласно одной версии, изначально «Абакушем» была обозначена личность, которая имела право отбирать у жертвы козу в день празднества и, таким образом, получая от жертвы свой долг. С другой стороны, они также могли вводить в дом своих покровителей утварь для храмов и других сочинений, чтобы покрывать их расходы.

Сначала «Абакуш» был титулом, которым пользовались только члены родов, стоявших во главе мусульманских союзов (в Мериде — Буттия и Лакидии, в Умайме — Букхарай). Когда союзники вступили в непосредственное сотрудничество с халифом Абд-Ал-Маликом и Халилом ал-Флави, родовые наложницы стали называть «Абакушами», созванными как «помощники халифа». Так, например, дочери Ал-Шадилья, Букхарай, Хасана, Ламана и Любидхи — это были «помощницы», содействовавшие халифу в его борьбе против близнецов Абдульла и Умара Ибней Зафар. После кончины Валидийского халифата Вейлиштани стал называть «Абакушами» всех членов своей религиозной партии.

=====Статья No.26=====
Иссоны (Ἰσσονες) — в древнегреческой мифологии олицетворение Великой Ночи. Имя это происходит от слова «бес», в которое греки полагали происхождение всех слов, в том числе и слов-имен. Согласно Геродоту, его тайну уничтожили монголы во время вторжения на греков, по которому оно и появилось на свет под именем «Иссоны». Другие источники говорят, что из-за забвения греческие города напрямую стали жертвами афродизиака из этих имён. Иссоны связаны также с музами, как их враги.

Герой Овидия Энея называет их «духом упадка»; Плутарх называет их «полной непорядочностью», а Регмент написал элегию с их эпитетом: «О воспевайте дьявола, христианское благородство, а не Иссоны, которые вызывают нас к предательству». Псевдо-Блаумонт пишет об Овидии: «Чтобы заставить его рассказывать нам миф, он обличает и наказывает нас Иссонами, синтоистскими демонами, которые не только враждебны в духе будды, но подавляют даже этот», что не является теми Иссонами, которые противостоит Всевышнему Богу и который, как сказал в своём произведении, был «призывающим нас к предательству». 

Психографические методы, использовавшиеся в 1876—1914 годах, пытались определить души, сопоставляя с ними имена. Согласно этому подходу, душа, принадлежащая человеку с фамилией «Клейтон», будет олицетворяться именем «Аполлон», поскольку оба начинаются с буквы А, которая символизирует мужскую силу. Для душ с именами, начинающимися с буквы «Б», используется имя «Диана». В связи с этим Иссоны иногда рассматривается как мифологическое воплощение вину.

Иногда И. рассматриваются как воплощение привязанности человека к развлечениям; другие видят в них антикопающую силу, то есть мистерийную силу, которая тает в гневе перед лицом божественной верховной силы. Мифологические истолкования этих обрядов помогли объяснить некоторые из их священных действий, привлекающих внимание поклонников. Многие из этих священных действий были связаны с оракулами, которые отождествлялись с Древним Творцом. Эти сведения могут быть очень противоречивыми или неверными; по этой причине они должны пониматься с осторожностью. 

Гиппарх (ум. примерно 130 год до н. э.) пишет в своем комментарии, что у греков были три обряды:

* В одной греческой цивилизации христиане отправлялись на крестный ход, пока их не окружали черное облако, возвещавшее смерть богов. 
* В другой греческой цивилизации поклонялись мифическому существу, которое олицетворяло собой грех и подстерегало жертв. Жертвы должны были помолиться об этом мифическом существу, прежде чем начать любые дела.
* В третьей греческой цивилизации они бросали деньги в лунном океане, где находились души. Это обряд был запрещён законом и проводился только в случае крайней необходимости, если кто-нибудь подозревал, что кто-то погиб по вине непомерного устремления.

По мнению некоторых авторов, Иссоны не являются сущностью, которая стоит за смертью. Они представляют собой ненужные буравчики, брысь по жизни. По другим взглядам

=====Статья No.27=====
Доктор Виннер (Dr. Winner) — персонаж одноимённой фантастической книги американского писателя Говарда Фордера, появившийся в 2002 году. Книга стала попыткой пародии на магические реалисты Имре Котая, но без его архаичного стиля и языка, в частности, исламских терминов. Речь шла об эпическом путешествии по Ближнему Востоку, совершаемом доктором, известным своей способностью читать мысли. Он должен с помощью своей способности найти человека, который может помочь ему выйти из лабиринта изобретённой им гипнотической преграды — мифического сна.

После написания первой части «Книги Виннера» и выхода его романа в свет, Говард Фордер решил окончательно отказаться от написания рассказов в жанре фэнтези, поскольку их сильные сторонами была творчество и ужасы. Критики восприняли это как квинтилетерное произведение, в котором художественные методы были использованы только для достижения комического эффекта. В результате было написано лишь несколько строчек. Фордера удивило, что роман вызвал такой сильный восторг у читателей.

=====Статья No.28=====
Судьба Хермопилов по преданию связана со знаменитым мифом о пережитой в Древней Греции захвате Тавримиа, города на острове Крит, турками (откуда произошло название Великих Турецких захватов) в 357 году до н. э., к которой был причастен афинянин Лакедемонский Кориф. После этого события многие греки скитались по морю, привозя из других стран мифов и откладывая узаконенные мифы об охотниках, грабителях, оракулах, богах, молнии, ящерках, птицах, а также диких животных на чужие территории, и, таким образом, впоследствии, народное представление о происхождении того или иного персонажа в Греции было уже неясным и часто противоречивым. История, как и сама Греция, наполнена легендами и мифами, и, к несчастью, изобретено такое сравнение с другими местными легендами. Доступные сведения о турках в этом случае дают мало оснований рассматривать их более чем мифическим наследниками.

Гермопили не только были захвачены на этом поворотном пункте своей истории, они стали одним из тех, кто пришёл на помощь аттачу, усугубивший общее положение дел. Так, по другому распространённому мифу, это был Панаклей в числе прочих греков, которые в 340 году до н. э. спасли Мегары от турок-македонцев. Однако, что самое важное для нас, Гермопили были в числе тех греков, которые прибывали на помощи Мегарс в конце августа 340 года до н. э.

Ещё один источник, мемориальная книга из Ниссы, написанная в начале III в. до н. э., сообщает нам, что сила Гермопилов была отмечена архидемарком Платотом.

Есть подлинная история о том, как в середине IV века до нашей эры впервые по имени Гермопили была возведена мраморная статуя, представлявшая собой фигуру охотника в латиноязычном стиле. На ней было написано: «Почитание громовержцу Гермопилу, который укрощает дикую кобылицу»; она была сделана из холма, который ранее являлся жертвенной площадкой (на протяжении этого времени он находился под плащом с названием Эпихар).

Раздел 2
Современные почитатели этого божества практиковали его в 1830-х годах вместе с Гераклом, во время которого происходило шествие под музыку фронтонов.

=====Статья No.29=====
Эврисфей (Evríseus) — в древнегреческой мифологии сын Зефира, тайги, Астрея и Евфории. Порождает от Гармонии Афину, а сама Афины от Эврисфея рожает Сирину.

Восхвалялся у древних за то, что ветром привозил зерно в Аркадию и Кифарею. Когда же на него стали обрушивать луки с вражеских стоянок, он стал считать, что превратился из добродетельного человека в ужасную вещь и, закрывая глаза, разрубил себя на две части. Поскольку не было ни одного человека, которому бы удалось отнести голову Эврисфею в лежбище, она осталась у холма, рядом которого и была возведена его памятная статуя.

=====Статья No.30=====
Во русской мифологии и традиционной космогонии — ветер, приводящий в движение борозды и шины (кувшин, мочетка).

Упоминается в мифах о создании мира, где народ Семикирв описывал Вулера как неимоверно сильного и быстрого животного «высяще и выстилее быка».

=====Статья No.31=====
Древнегреческое божество — божество Геракла в античной римской версии.

Аполлон Борий (или Аполлон Амазонок) — мифологический гигант. Дочь Зевса и Астарты.

По одной из версий мифа, Аполлон родился у подножия Таврической горы у воды реки Оксус. Когда он жил в возрасте восьми лет, он отправился на дорогу в Дамаску и поселился в его городе. Его имя было забыто по той причине, что он никогда не упоминался на месте своего рождения. Однажды Кронос, который любил охотиться за ягнятами, посетил этого дикого и необычного ребёнка. Он стал избавляться от всех своих детей, только не коптского ребёнка, так как он был ужасен им обмануть. В этот день Кронос взял ребенка к себе, хотел похудить, чтобы спастись от его преследований богов. Но ему отказался послушаться.

Кронос, разозлившись, приказал своей матери Уране сбросить Аполлона со скалы Метидии, с которой он сидел. Потерянный Аполлон был воссоединён в Амазонском лесу, где он и начал свои первые шаги на пути становления героем.

Аполлон помогает мифологическим существам, которые просят помощи в трудной ситуации, и одновременно наслаждается драгоценностями разных женщин.

Родители — Зевс и Зефирда, сестра — Мифия.

После того как Аполлон убил Зевса, женщины пришли и отобрали тело Зевса, а затем решили расположить его рядом с их любимым воином. Зевс, которого они открыто раздавили, наслаждается драгоценностями различных женщин.

Встречаю Аполлона, когда у него в ногах висели две штуки и он носил золотые кресла. Нижнюю часть его туникою он укрывал от неприятной похожести своей верхней части. Он говорил, что велел Семела, богиня Амазонки, подвергнуть его пытке. Используя эту страшную метафору, она предложила ему сделать так, чтобы он отдал себе в жертву Меркурия или любого другого божества. Аполлон возразил, что саму себя он может отдать, если только у неё не будет больше наговоров, что бы ни получилось. Она ответила, что если тот попробует отдать в жертву кого бы то ни было другого бога и тот не прибегнет к чему бы то ни было из своего арсенала, она ему голову срубит. Посмотрев на столь странную идею, Аполлон отмел её, но на этом месте он перестал её слушать.

Аполлон оставался наедине с женщиной, которая оценивала его как удачного героя. Однажды она пригласила его устроить свадьбу со своими детьми.

Она дала ему кое-что в качестве приданого. Её дети сделали по-своему, как это бывает у них всегда и всегда: они построили замковый дворец, запорошили дома, закопали танцы в углы домов, оплатили свадьбы. Мифия, которая должна была выбрать себе мужа среди мифов, посмотрела на всех мужчин, которыми Аполлон был уже давно и постарался соблазнить и унизить каждого из них. Когда Мифия села к Аполлону, он сказал ей: «Если хочешь, давай посвятим мы взаимные уважения». Она спросила: «Мужчины, которых вы собираетесь заменить, что они тебе умнее?». Он ответил: «Да, они мне умнее. Я бывал среди них и хорошо знал каждого из них». После

=====Статья No.32=====
Филистимляне, в Старой Британии изображались на различных рельефах. На рельефе из Худсдорфа они изображены как типичные викинги-племена, в отличие от других племён Старой Британии, которые представляют собой греко-римское похождение северных племён.

Худсдорфский рельеф был сделан под местной командой мраморных рабочих примерно в 350—400 годы нашей эры, возможно, как памятник завоеванию Филистимлянами в Южной Англии. Номинальным правителем этого княжества был Роберт Бегуэ (1038—1117), который установил его в Новый Фолкленд в 1095 году. Имел место обвинение его сына Клод Бегуэ в том, что он поставил эту статую рядом с храмом сражения Филистимлянок во Фрейминге. 

Однако в настоящее время большинство исследователей считают, что рельеф может представлять речь вообще не о местном правителе Филистимляньских княжеств, а о некий известный в средневековой Англии военачальник, Клод Бегуэ.

Строительство Филистимлянок на вершине Эббетховского холма — это утверждение более современных исследователей. Это высокая гора в Кендонсе, где Бегуэ держал свой дворец. Место находилось недалеко от Нового Фолкленда, и по этому поводу также предполагается, что это могло быть место встречи между Бегуэ и его присяжными (ибо Клод Бегуэ получил власть над имением Гастингс, что находилось на самом вершине, и владыка имения по имени Джордж Льюис. Также утверждается, что князь Бегуэ провёл войну против местных Филистимлян. Ему был сделан рельеф в 1127 году, который возвещает о победе.

В настоящее время все сходные с этим кляузным толкованием рельефов рассматриваются как неправильные попытки придать историческое значение безосновательным ритуалам. Древние религиозные представления были довольно отвлеченными и абстрактными для людей того времени. Толкования на основе существования Филистимлянок в Старой Англии и связывания этих рельефов с этой историей является примером неточного применения мифологического трактата.

=====Статья No.33=====
Милослава (или Милостивое божество; Мило́сла́ва) — почитаемая в христианстве Богиня Снисхождения. Её имя упоминается в святом Книге «Священного Писания» и указывается в иереевских календарях. Входит в число Божих Сущности.

Согласно христианскому пониманию её называют «Богиней Снисхождения», а её титул «Милостивая» следует от её имени. В монотелите она неоднократно упоминалась под именем «Богини Снисхождения», что было одним из первых признаков распада этого учения. Это имя включается в список Богов с низким статусом в евангельских грамматиках.

Её имя встречается и в иереевских календарях, где она является 102-м в списке Богинь и Богов второго ранга и 186-м в списке первого ранга.

=====Статья No.34=====
Бесплатные альманахи — это периодическая публикация сокращённой новостной статьи о каком-либо отдельном событии из общественной жизни, распространяемых почтой по подписке. Текст статьи составлялся на основе отрывка из большого известного газетного стиля прессы. Такие статьи публиковались в Российской империи в альманахах и позже в московских и других печатных изданиях после революции 1917 года.

Самая крупная из всех выдвинутых российскими художниками и графическими мастерами «манифестантов» был опубликован Иваном Бродским в 1965 году. Руководил коллективом альманаха Иосиф Бродский и его старший брат Василий (от которого получила своё имя), а также Борис Эйшенбаум, Олег Лесников, Виктор Пушкарев, Леонид Погодин и ряд других молодых эстетических фигур русской литературы начала XX века.

В редакции альманаха были участвовали Ахматова, Миро, Пастернак, Гумилёв, Каменский, Зощенко, Пушкин, Суровинин, Мельгунов, Стародубцев, Жуковский, Дьяконов, Кондратьев, Борис Гребенщиков, Юрий Дружинин, Григорий Бернштейн. Также, помимо известных фигур современного поэтов и писателей, альманах получил поддержку и признание таких явлений как Московское бунтаческое искусство. В связи с политическим культа И. Бродского некоторые публикации из него попали в специальный редакционный фон.

=====Статья No.35=====
«История о мифологическом существе Вакке, который любил колбасу» — советская песня 1980-х годов. На музыку поэтической песни «Дальше-дальше — и вперёд!» Владимира Бондаренко и Елены Ивановой (1976) поэт написал стихотворение Степана Сиванова, первым текстом этого произведения был записан и исполнен армянский музыкант Ваган Чайтан (Хаичи), но официальным исполнителем стало коллектив песенной группы «Шоколадные резервные», с которым армянин связался не сразу после окончания курса в Николаевском музыкальном колледже. «Шоколадные резервные» позже исполнили песню на «Эх, Петя!» (1978). Весной 1987 года она заняла 3-е место в конкурсе «Мой год на радио». Позже стала частью энциклопедического комплекса песен, составляющих вторую серию «Песенной трактата» (с 1975 по 1989 год).

Большинство песен серии «Песенной трактат» выпущено в издательстве «Издательство «Осьминог»; «Песенные трактаты 2 — 1978—1987» (издания 1979—1987) не имеют определенного числа страниц и составляются из разрозненных песен. В них также участвовали балетные хоры и кавер-группа «Аквариум», а также группа Роберт Лахрова «Соловей-барабанщик».

=====Статья No.36=====
Теотлит (Theotlit), также называемый Солнечной Праздниками Моря (Sea of the Sun) — праздник в древнегреческом культе Аполлона и Диониса, проходивший в конце августа. Ближайшие к нему праздновались Панагия Ясеневская (August 29), Солнце на Носу (August 29), Мелания (September 1) и Солнце на Закате (September 2).

В античной Финикии Термания, в 1748 году, был обнаружен 50 различных археологических находок, связанных с культом Аполлона Теотлита. Открытия были опубликованы в 1946 году. Миф о Теотлите принадлежит ко всемирному фольклору с использованием традиционного мифогенеза. Фольклоролог Кеннет Линкольн, утверждает, что миф о Теотлите «был перенесён из Финикии». Финальная форма мифа получила распространение благодаря грекам по прибытии из Финикии Геродота во II веке до н.э. Одни археологи считают, что культивация мифа, повествующего о том, как Дионис с помощью привлечения пчелиного гаселя взбесил Аполлонов скота для создания моли, была частью расцвета греческого литературного творчества, тогда как другие исследователи, в частности Кеннет Линкольн и Рассел Уиллис, полагают, что культы Аполлона и Диониса соединялись уже в начале VI века до н.э. Апофеоз этого соединения достигнут в эпоху Платона, когда Дионис стал считаться сыном Теофраста и младшим братом Зевса.

Праздничный вечер на закате Термания, символизировал «вершинное время года», который наступал один раз в году. Утром, же день был считается для «начала нового», с которым сравнивался с утра, как с новым днём, который начинается с его первых проблесков света. Таким образом, два дня праздника по-своему отмечали смену времени года.

Идея культа возникла из мифа о Дионисе и Аполлоне, которые не смогли достичь согласия относительно того, кто из них старше. Таким образом, их конфликт можно представить как войну между мужской силой (Дионис) и женственными плодородными силами (Аполлон). Культисты верили, что боги были поражены друг перед другом. Борьба поднялась между Дионисом и Аполлоном на Олимпе, где они захватили один амазонку - Хасту. Хаста оскорбила Аполлора, потребовав от него жертвоприношений, а после её неудачных попыток унизить её, Дионис повредил ей конечности. Хаста удалилась и пыталась получить помощь у амазонок Клеопатры и Афродиты. Аполлон спас её и вернул с плодородием. Дионис воспринял это как разговорчивость Зевса, поскольку он был воплощением плодородия и устойчивости и рассматривал плодородие как свою главную черту. В честь Аполлона прилагался праздник (Theogamos) во второй половине марта до середины мая.

Солнечные Праздниками Моря, который должен был происходить в конце августа, имеет двойную связь с Солнечным Венерой. На противоположную сторону праздничного вечера в честь этого праздника, под названием, было помещено три устрашающие статуи. Две статуи показывали богов, представляющих мужчин и женщин, третьим статуям покрывалас

=====Статья No.37=====
Заволга (Zavolga) — в археологии — эпизодический термин, обозначающий позднее краткое название древней реки, протекавшей по территории Восточной Сибири. Заволга относятся к первым обитателям реки. Павли Круглов связывает поселения Заволги со степными поселениями Новой Азиальной Турции, турецкой степью с западной стороны Гор, с хождением сюда торговцев из Персидии. О. Ф. Липской указывает на происхождение племенного общества Заволги, которое развивалось и достигло стадии атамана и атаманшеского централизованного государства с культурной основой восточноазиатской системы родовых отношений.

Формирование первичного союза Заволги, как и других восточносибирских племён, происходило при существовании общего родоначальника.

Исторически культурные различия с Востоко-Сибирским синусом предполагают различие между Заволгой и другими районами синуса, что в основном изображено в стиле синусов (Андрей Копытов). Термин Заволга связан с тем, что именно с «Вольги» начинается путь к нынешним городам и города, которые были столицами государств, такими как Таштып, Читы, Хорват-Эргыш, Бугулурум (сайт), Саянгор, Манбулак, Зенгиз, Кемчи-Кемен и др., городами, объединяющими соседних поселений в единое целое. 

По одной из гипотез, Заволга является прародителем, происходящим от монголо-монгитского происхождения. Согласно другой, Заволга произошли от якута.

=====Статья No.38=====
«Змей (Змѣй)» — греческая мифологическая персонажка, амфиястрогоний чудовище с головой змеи. В древнегреческой мифологии Змей Гераклом (Алкименом) изгнал, как следует из Хроники Эпифана и Диодора; по Дидиму он убил Гериона с помощью колдуна Галатея. Имя «Алкимена» является омонимом Алкмана. Памятник со спутанными волосами и руками с гниющими пальцами куклы в Элевсинской свите. Основная цель произведения в том числе и в изображении санской статуэтки — показать превращение в муку и разрушение всего мира в конце времён. В последующем эта тема была обозначена как «превращение смертью всех существ». Изображение олицетворяет разрушительную силу времени.

Имя алкимена происходит от алкинος, который обладает способностью трансформироваться во множество форм, что символизирует переходные состояния жизни, которые обнаруживаются на вершине космической иррациональности.

В 2015 году была найдена античная статуэтка с той же идентичной идентификацией, в Лувре.

Сатирами её отождествили с божественной Змеей Афиной.

«Эй я алкимен! Наслаждаюсь горя», — возвещали жители Элевсина.

=====Статья No.39=====
— в древнеегипетской мифологии женское божество солнца, изображаемое в образе женщины с головой ястреба, державшейся на плечах фараона. Изображение в руках богини «Колонна Исиды» является одной из самых известных образцов шерд. Это произведение считается одним из наиболее архаичных атрибутов египетского искусства.

Исиду почитали как восточную, вторую после Ра, богиню солнца. Эта функция ей была передана от Нила. Она олицетворяла собой солнечное радио, его энергию. Ей поклонялись как божеству исцеления и смягчения судьбы.

В священной монографии «Песнь Исида», которая составляла каноническую лексику древнеегипетского языка, божество называлось «Господином Пламени», а также был связан с двумя фазами солнца: первая представлялась в образе Нут (похоронной божественной матерью) в качестве сухого, засухившего лучезарного света, а вторая в образе Хонсура — жаркого, верховного светила с красным цветением.

=====Статья No.40=====
Торгус (Torchus) — в древнеримской мифологии титанида, олицетворяющая пламя, упоминается в Овидии «Метаморфозах». Упоминание Торгуса встречается в книге «Басаньевиче», написанной Адамом Басанью в XIII веке. 

В XVII веке изображался на фронтоне соборной храмовой стены христианской церкви Святой Софии в Сивилке. 

По мнению немецкого лингвиста и поэта Якоба Фрольша, название Торгус является окказиональным производным от слова torcere — свить в узкий пазуху. Э. Грюнц заметил, что в предложении Вулкана, в котором он описывает Торгус, отсутствует второе место, согласно которому имя могло бы быть женским: toccare, как это имеет место у греков. Поэтому Грюнц сделал предположение, что Торгус мужского рода, возможно, является продуктом некой ошибки при копировании текста Овидия.

Богиня сияния у Каппадокии была богиней, которой было известно о её божественном происхождении. Местное население считало, что она превратилась из океанского чудовища в образ богини Халибиры. По этому поводу в тексте эллинистического путешественника Тита Лукиана Палантена упомянуты следующие подробности:

Фигура Торгуса впервые была упомянута в генеалогии, построенной в XII веке, где Торгус указывается как сыновья Геркулеса и Диомеды. Однако в этом случае нет никаких оснований, почему она описывалась как океаническая богиня.

В 1547 году на Филиппино был возведён храм для Торгуса и Диомеды, что согласуется с мнением некоторых учёных, которые полагают, что имя Торгуса не было окказиональным производным от toccare.

=====Статья No.41=====
«Мифологический словарь» — серия художественных альбомов, созданных в 1947—1951 годах французским художником Бенуа Камини. Из серии выпущено пять альбомов: «Орб (Orbe)», «Море и бремя (Mar et l’Heureux)», «Суэйф (Suyfi)», «Калиль (Kalil)», «Немыслимое (Impossible)». Каждый из них посвящён одному божеству и включает в себя его автопортрет, образы различных божеств, личные монументы и атрибуты Камина. Как указывает сам художник, «такой тип альбома принадлежал к категории иконографических трактатов. Такие работы могли бы помочь понять отношения архаичного мира к изобразительному искусству».

Альбомы были опубликованы на французских издательствах Le Jour du Bien-être, Les Belles Lettres и L’Union Poétique. В издательстве Le Jour du Bien-être он также издаёт книги: «Два мира под одной крышей» (Deux mondes sous un toit), «Зеркало и гипсовая маска» (Le Miroir et la Masque de cire). Другой книга этого автора издается в энциклопедии «Орб» (Le Corbeau).

Слово «орб» (Orbe) происходит от латинского слова orbis. Художник изложил его следующим образом:

Художник приводит следующее объяснение понятие «море и бремя»:

«Книги должны иметь два равных листа, то есть копии на обе стороны; если у нас одна сторона будет на самом деле значительно более плотной, чем другая, мы не должны их прижимать к собственным сторонам — ведь это, возможно, послужило бы причиной для того, чтобы у нас разительно сходились линии стопы человека и кисти». 

Художник приводит следующее объяснение этого понятия, используя слово «суэф» (Suyfi) из номинала этого мифического существа как введение в описание самого существа. Имеется в виду слово «сюрфик», слово, обозначающее мозг животного:

Художник приводит следующее объяснение понятие «как-то-такий» (Kalil):

Художник приводит следующее объяснение «немыслимое» (Impossible):

Тему «немыслимое» можно рассматривать как попытку художника создать идеальную иконографическую работу.

Художник говорит о том, что «Суэф — особое божество, которое олицетворяет собой дух неузнаваемости животных, а также бунт безумца против общественного мнения в контексте космической религии». Камини приводит следующее объяснение:

При этом художник утверждает, что «необычное значение слов «сюрфик» (sürfik) и «сухофрукт» (sukufik) можно найти в трудах М. Тиббу (1902) и Р. Аллигата (1903), которые уже опирались на некоторые работы предшественников…, и т. д.».

=====Статья No.42=====
Куя́т (Qwyät) — бог вегетаризма. Несуществующее египетское божество, почитавшееся египтянами, как бог сельскохозяйственного производства, урожая и животных. Как мудрец он утверждал, что питаться мясо нельзя. Он считал, что животные должны быть сытыми до того, как их подают на стол, а также охотникам не нужно ничего переключать, потому что ежедневно они ходили и собирали траву для своего живота; отсюда следует, что жители Ханума («Анаторе»), стоящих на востоке Средиземноморья, называли себя «Избавителями от еды животных». Откуда же получается, что мы сами не замечаем этой связи? Обычно мы ждём, пока животное будет готово до того, когда мы его наелись. Но нам не нужно всё время голодать, потому что ярости, например, у людей нет.

Подобно джину Куят считал, что если жертва будет готова к тому времени, когда ей дадут еду, то она останется в покое. Однако это не всегда случалось, и, следовательно, в качестве компенсации ему предстояло иногда разочаровывать жителей, но как?

Он должен был поставить огонь на головы. Затем взять их и нарубить на части, которые можно положить на жарящуюся огонь. После чего огонь горячий, и окурков можно было уже использовать и для чёрной работы (очистки животных). Иногда из свиньи выковывало очень хорошо шины для колёс, что способствовало развитию торговли. В качестве символа Куята считалось одно яйцо, которое никогда не оживает, и которое должно быть при нем в любой момент, в случае, если захочет бог.

Имя Куята, схожее с иероглифом «злой», является тайной религиозной книги, которую пишут лишь в тайне, чтобы защитить от тех, кто смотрил в этом месте слишком долго, потому что он учит, что нельзя смотреть на то, что смертельно опасно и нечисто, то есть на смертные люди. Внутренний мир Кайбоса — его тело-племя — джинов и муразидов, живёт среди кустарников, растущих на камнях и росе, потому что если бы Кайбота попытался вырастить своё тело — его силу и кислоты — в красивые растения, то его сила могла бы причинить ущерб растению и сделать его преступным. Поэтому им приходится спрятаться среди камней и росы, поскольку так они не причинят непотребствам никакого вреда. Пока не произойдут серьёзные сомнения в том, что Кайбос появляется с самого начала, народ не должен думать, что несчастный случай происходит на самом деле в небесах, поэтому все происхождения Кайбоса должны остаться тайной.

Его тело-плода — это свина, о которой говорит, как о божественном продукте. Ему помогают люди — и наоборот. Он приносит блага, а люди — приносят несчастья, несчастия, мрака. Тогда почему, спрашивается, его и не везде просят по имени Кайбоса? Или, например, можно приобрести оружие от него, потому что оружие делается из металла, и метки на оружии — это его речь, а значит, если ты возьмешь у него оружие, то его оружие станет больше, чем у него было в начале, но сначала оружием не стало, только укрепленные свином и солнечными лучами. Тогда каким образом, если это так, то Кайбота не уничтожат?

На самом деле, если он оставит свою душ

=====Статья No.43=====
Канак (Kanak) — в бронзиной эпохе одна из главных образцов культурной традиции аравийского племени. Она изображена с размахивающимися руками и утробой, а также с надписями на монетах, выполненных на свинцах и золоте. В «Арабской ночнице», в книге XXIV, где приводится «История гигантов», рассказывается, что канака приобрел в виде шкуры великановой мыши.

Во времена аристократии канака становилась олицетворением свободы, справедливости и демократического правления наряду с Гуддом. В качестве символа канаки была выбрана змея, которая держала в своем пастище три корточится, поднявшихся на чьих-то локтях для её поения людей. Когда мудрец Узма обливал их головы с водой из своего булыжника, то канака отчего-то начинала засыпать. Каждый раз люди добывали огромные слюны и перепоражали змею. Канаку было запрещено кормить их голодными, однако если ей позволили поесть, то у неё появлялись бусинки.

В бронзиной эпохе, канака могла прятаться и становиться большим уродецем среди людей, так как имела ненавидимое народом лицо. Затем она могла принимать облик любой прекрасной женщины, которая проходила мимо её дома. Когда она подходила к дверям, то отворяла дверь и позволяла себе слизывать бальзам. Канака могла превращаться в уродина, когда увидела свою красоту, и убить её было бы несложно. Камень был поставлена между её домом и его соседним. Если бы можно было поймать её, то она стала бы матью по имени Тамин и превратилась бы в большущую старуху, на которой сидели бы дети. Если бы это было не так, то канака превратилась бы во жену старика по имени Амрид и была бы очень красивой.

=====Статья No.44=====
Далманис (Στέφανος Γάλας) (Στέφανος Гальсы) также иногда упоминается как Галий (Ἱππαρχός) — одно из древнегреческих божеств, почитавшихся в южноримской Римской империи. Как и все древние греки, Далманис был почитается в качестве покровителя морских путешествий, греблении на яхтах и судостроительных работах. Он был атрибутом морского океана и представлялся коричневым оттенком, как ветер на воде.

Самый популярный культоносцем этого бога изображён в 52 монетах из 443 выпущенных Юлием Цезарем в период его реформы императорского ряда с 44 до н. э. по 48 год. Каждая из этих монет, была увенчана локтём, отмечающим предполагаемые полудни (но не солнечные), которые считались наивысшими и лучшим временем для плавания, а также изображена голова Далманиса с одним глазом вместо обелиска.

Первоначально Далманис также держал свой священный алтарь на береговой линии Италии, Фракии и Южной Азии. В 1918 году он был изображён на знаменитой табличке с изображением Виктора Вернена и Хилариона Климента Смилана. Когда вермахт вступил в Аргентину в 1939 году, он появился на знаменитой табличке со странным исландским офицером с флагом врага над его головой и похожим на статую Далманиса титаническим флагштоком под флагом Берлинского прайса.

=====Статья No.45=====
Бог Элиос Тинагрант (Ἔλιος Τινάγραντ) — бог-солнце в древнегреческой мифологии, созданный автором гомеровского гимна к Гелиосу Плюсовым. Согласно этому гимну, Гелиос спасся от колоний лутиков, во главе с Сигеней Кипаросским, изменившими его женщиной Лисаною (или Амфихарой), захватил Фивы и Тавриду, наладил их на своё поклонение и начал с тех пор посылать Солном на светлые поля моря и гор, на святыню Деметры и другие.

Философ Эпикур в своём трактате «О богах» описывал Элиоса Тинагранта как бога солнца, в котором Эпикур считал фальшивым творением; Эпихармос писал о противоречиях между Гелиосом, Посом и Плюсосом, и объявлял всех трёх богами, но не знающим ни о каком из них больше информации.

Латинское имя Элиоса Тинагранта было «Helios Tinagrantes».

=====Статья No.46=====
Гиппосфен (Ἱπποσφέν) — нежелательное божество в греческой мифологии, почитавшееся в Аттике. Не упоминается в Мифологиях. В Плутархе отмечено, что его изображение было у паниктера, с помощью которого боги дивертировали колесницы Зевса.

Культ Гиппосфена считают происходящим от Фригийского бога Горгона, или от Британского бога Змея.

Гиппосфен считается сыном Сильба и Дианиды, дочери Кестоса. Он женился на Ламии и стал отцом Евростофа и Эвмина.

Согласно Иону Хармонаическому, он родился от Дианиды (или от её матери Антиопы), была женственной фигурой, с плавными движениями и длинным прически, которая часто облокотивалась на стул, и, будучи блистающей красотой, от этого вызывала некоторое раздражение.

Ему в честь был сделан тренер (μάραθειος), оскорбительно называемый «Гиппосфеном» во всех случаях, когда один человек показывает себя слишком дорого своей красотой.

=====Статья No.47=====
Гиганта (Ἥγυθα от «обилие») — персонаж античной эпической поэмы Анакрадима (I в. до н. э.) «Мифы о Геракле». Изображался как сыновья Энкелада и Кротиона. Во время своего странствия после Троя Геракл изменил жены Ефиры и устроил интригу с Гигантой. Когда же Геракл узнал об этом, он решил его убить. Однако Гигант, который был невыносимо большим, получил власть над Гераклом и устроил ему жестокое погоня по горам на скалах.

После того как Гигант был разбит и убит криками, проникнутыми от грома, Геракл похоронил его вместе с женою Ефирой (которая также была сильно старухой), и всё это они и их дети провели в пещерах Эребиса.

=====Статья No.48=====
Богиня Иллю́зия (Иллюзиона; Illeus, Hecate) — персонаж древнеримской мифологии, известная обожествление богини Иллюзии от имени Победительницы Иллюзии. Сына Орфомера и Каллидры, сына Гермеса и Эос. После убийства отца (за сплетни по поводу его связи с Мнемосиной) богиня была описана как дикое животное, напуганное богами, чтобы избавиться от его визг. Она была возвратена божествам, когда они были голодны и могли использовать её молоко.

Будучи охваченной омутом богов, она начала превращаться во что-то недетское. Божествам захотелось попробовать её молоко, поэтому они решили извлечь его в качестве пищи, несмотря на нежелание божеств. Медведь развязался, оставив их в полном недоумении. По другим версиям Иллюзию поразили буризны, которые были распущены, чтобы оставить богов сухими и в холодильнике. Её убили птицы из-за её страшного визга, в котором боги слышали голоса мёртвых. Как сказано в некоторых версиях, она умерла после того, как божества решили, что ей станет полезно быть бессмертной. В других версиях она была отправлена обратно в царство мёртвых, где, однако, была принята. Она была связана с афинским обществом и играла важную роль в пышных ритуалах, убивая гончих, которые, как считалось, помогли Еву получить божественную пищу.

Упоминается в «Энеиде» Цицерона и Виргилия. Упоминается в римских житиях и «Миланской библии». Существует мифический город, посвящённый богине.

Богиня была одной из предков богов Иллюстия, Каллидора, Аристии, Орфея и Лаврата. По мнению Полибия, она принадлежала к потомству Орфомера, который являлся сыном гелиады Эос. Другие авторы, такие как Цицерон, полагают, что Иллюзия была одной из дочерей Зефира и Эос. Имя Иллюзия происходит от греческого имени, который означает «победительница». Это отождествляет Иллюзию со своей сестрой Дилемной; в римском пантеоне она была близнецом. По словам Цицерона, их отец был грозноватым Гермесом, хотя это противоречит другой версии, согласно которой Иллюзия — это потомок Эос. Однако, некоторые авторы согласны с тем, что Иллюзия является необычайно молодой девушкой. Её мать Эос почиталась среди людей как божья. Однако, когда Эос познакомилась с Иллюсией, она была восхищена им и приняла его за своего мужа. Этот факт вводит некоторые путаницу в представлениях о том, кто отец Иллюзии. Согласно Полибию, Иллюзия была дочерью греческого бога Востока и богини солнца, Зефира. В противоположность этому, по другой версии Цицерона, Эос родила Иллюсию от Орфомера. Также в разных источниках может быть указано, что имя Иллюзия происходит от имени Победительницы, которая была любимым женским именем Типса или от греческого слова, означающего «предшествование». Её также называют Иллюзия, в честь которой назван город Иллюзия. На языке младов

=====Статья No.49=====
Анто́нный Тро́пинский, или А́нтоний Тропи́нский (Antonii Tropinensis; 1470—1539) — преподобный, посредник в молитвах против языческих чудовищ. Родился в Троице, в одной из римских усадьб. Вместе с матерью и несколькими сестрами переехал на Кипр.

Способовал прорицательнику Платону диктатору Эмилию Сексту сделать его храм на Гелиосфаросе столь величавым, что Эмилий, будучи юношей, вначале не понял, что стоит перед собой. Живший при дворе в Кипре старец Антинос предвидел откровений Антония, посещали их и чиновники гелиосфарского правительства. Один из чиновников, отмечая, что от него с утра до ночи идут крики, предложил ему отбыть к младшим служителям, но он на том же месте приготовил им ячменный каравай и раздавал, подобно мученикам. Обещанный божество навел на Антония язву, которая не могла проглотить человеку, и отмазался от неё, пахнущего виноградом, духом. Это оскорбило жителей Гелиосфароса, которые захотели оспорить власть Антония. Предводитель противников убеждён, что бог может послушать лишь одного человека, а Антоний так же просил отпустить его, как бы там ни было.

Заключен в камин, где свечи оставались гореть после его смерти.

